[backblue.gif]
[fade.gif]
[index.html]
[ammaripa.com/images/logo.png]
[use.fontawesome.com/releases/v5.6.3/css/all.css]
[ammaripa.com/js/time.js]
[ammaripa.com/images/revoked.png]
[ammaripa.com/images/6D0E3295-8659-40D8-9765-D144B8DF42B2.png]
[ammaripa.com/images/WhatsApp Image 2022-07-27 at 12.33.28 PM.jpg]
[ammaripa.com/images/ECB8362D-A143-46ED-B078-6D20F921B9AA.png]
[yllix.com/images/aff/pub_0ei6v1.png]
[ammaripa.com/images/Telegram.png]
[ammaripa.com/images/FB985A48-00DB-47BE-86E8-65478863733E.png]
[ammaripa.com/images/checkra1n-icon.png]
[ammaripa.com/images/setting.jpg]
[ammaripa.com/images/unc0ver.jpg]
[ammaripa.com/images/D34CFDF5-E05C-492D-86B7-ACE9C3C967DC.jpg]
[ammaripa.com/images/Taurine.jpg]
[ammaripa.com/images/Odyssey.png]
[ammaripa.com/images/chimera.jpg]
[ammaripa.com/images/electra.png]
[ammaripa.com/images/Th0r.png]
[ammaripa.com/images/meridian.png]
[ammaripa.com/images/doubleh3lix.png]
[ammaripa.com/images/g0blin.png]
[ammaripa.com/images/Yalu102.png]
[ammaripa.com/images/saigon.png]
[ammaripa.com/images/h3lix.png]
[ammaripa.com/images/panGu.png]
[ammaripa.com/images/phoenix.png]
[ammaripa.com/images/picsart.png]
[ammaripa.com/images/9E8EDCE5-88DC-4107-9463-1A311F678F54.png]
[ammaripa.com/images/video star.jpg]
[ammaripa.com/images/Cute Cut Pro.jpg]
[ammaripa.com/images/moonlight++.jpg]
[ammaripa.com/images/infilter plus.jpg]
[ammaripa.com/images/617154D9-8B82-46AC-A094-69686DF89446.jpg]
[ammaripa.com/images/YouTube++.png]
[ammaripa.com/images/TikTok++.png]
[ammaripa.com/images/instagram++.png]
[ammaripa.com/images/whatsapp++.png]
[ammaripa.com/images/Jodel.png]
[upload.wikimedia.org/wikipedia/commons/8/8b/Cydia_logo.png]
[ajax.googleapis.com/ajax/libs/jquery/1.12.4/jquery.min.js]
[ammaripa.com/js/bootstrap.js]
[ammaripa.com/js/modal.js]
[ammaripa.com/index.html]
[ammaripa.com/css/bootstrap.css]
[use.fontawesome.com/releases/v5.6.3/css/all.css]
[ammaripa.com/css/style85b3.css]
[ammaripa.com/css/style2af8f.css]
[ammaripa.com/jailbreak.html]
[ammaripa.com/images/DEL OTA.jpg]
[ammaripa.com/images/D5760382-D5F1-4FF9-927D-4509E1B5B1EE.jpg]
[ammaripa.com/images/برامج الجلبريك.jpg]
[ammaripa.com/images/snapbreak.jpg]
[ammaripa.com/blog.html]
[ammaripa.com/images/logo-so85__.png]
[ammaripa.com/user.html]
[ammaripa.com/style.js]
[ammaripa.com/download1434.html]
[ammaripa.com/download5cee.html]
[ammaripa.com/downloadd625.html]
[ammaripa.com/downloadbce2.html]
[ammaripa.com/download294f.html]
[ammaripa.com/download8bcf.html]
[ammaripa.com/download6fb5.html]
[ammaripa.com/download7d36.html]
[ammaripa.com/download48db.html]
[ammaripa.com/downloadb27c.html]
[ammaripa.com/downloadd5e8.html]
[ammaripa.com/download40ac.html]
[ammaripa.com/downloadf62c.html]
[ammaripa.com/downloadadbc.html]
[ammaripa.com/download4411.html]
[ammaripa.com/download5aaa.html]
[ammaripa.com/downloadcdef.html]
[ammaripa.com/downloadb3a3.html]
[ammaripa.com/downloaddc6c.html]
[ammaripa.com/downloadc5b2.html]
[ammaripa.com/download850a.html]
[ammaripa.com/downloadd5b4.html]
[ammaripa.com/download2770.html]
[ammaripa.com/download0717.html]
[ammaripa.com/download2c6d.html]
[ammaripa.com/download1e85.html]
[ammaripa.com/downloada916.html]
[ammaripa.com/download7df0.html]
[ammaripa.com/downloada9e4.html]
[ammaripa.com/repo/CydiaIcon.png]
[ammaripa.com/repo/favicon.ico]
[ammaripa.com/repo/js/fastclick.js]
[ammaripa.com/repo/js/menes.js]
[ammaripa.com/repo/js/cytyle.js]
[cdn.bootcss.com/jquery/1.11.2/jquery.min.js_; filename_=utf-8''jquery.min.js]
[ammaripa.com/repo/icon/default/cydia.png]
[ammaripa.com/repo/sileo.png]
[ammaripa.com/repo/zebra.png]
[ammaripa.com/repo/icon/default/email.png]
[cdn3.iconfinder.com/data/icons/social-media-2034/500/933279.png]
[cdn2.iconfinder.com/data/icons/zeshio-s-social-media/200/1987588.png]
[cdn0.iconfinder.com/data/icons/social-media-circle-6/1024/2596421.png]
[cdn3.iconfinder.com/data/icons/social-media-2034/500/933276.png]
[cdn2.iconfinder.com/data/icons/social-media-circle-6/1024/2720204.png]
[ammaripa.com/repo/js/main.js]
[ammaripa.com/repo/index.html]
[ammaripa.com/fonts/glyphicons-halflings-regular.html]
[ammaripa.com/fonts/glyphicons-halflings-regulard41d.html]
[ammaripa.com/fonts/glyphicons-halflings-regular-2.html]
[ammaripa.com/fonts/glyphicons-halflings-regular-3.html]
[ammaripa.com/fonts/glyphicons-halflings-regular-4.html]
[ammaripa.com/fonts/glyphicons-halflings-regular-5.html]
[ammaripa.com/css/stylee2cb.css]
[ammaripa.com/css/style2eff4.css]
[ammaripa.com/jailbreak07a0.html]
[ammaripa.com/jailbreak45ee.html]
[ammaripa.com/css/style7c30.css]
[ammaripa.com/css/style2f466.css]
[ammaripa.com/files/unc0ver setting.jpg]
[ammaripa.com/files/restore root1.jpg]
[ammaripa.com/files/restore root2.jpg]
[ammaripa.com/ShowBlog0055.html]
[ammaripa.com/ShowBlog2728.html]
[ammaripa.com/files/icleaner+.jpg]
[ammaripa.com/files/Preference_files.jpg]
[ammaripa.com/files/pref1.jpg]
[ammaripa.com/files/cleaner.jpg]
[ammaripa.com/files/clean.jpg]
[ammaripa.com/ShowBlog8803.html]
[ammaripa.com/files/snap_versions.jpg]
[ammaripa.com/ShowBlog7429.html]
[ammaripa.com/css/style3690.css]
[ammaripa.com/css/style220f3.css]
[ammaripa.com/css/stylee70b.css]
[ammaripa.com/css/style26420.css]
[ammaripa.com/Error.html]
[ammaripa.com/css/style9dd0.css]
[ammaripa.com/css/style24fc0.css]
[ammaripa.com/css/style5a8b.css]
[ammaripa.com/css/style2a3f1.css]
[ammaripa.com/css/styled339.css]
[ammaripa.com/css/style21e77.css]
[ammaripa.com/css/style997c.css]
[ammaripa.com/css/style24d12.css]
[ammaripa.com/css/stylebc72.css]
[ammaripa.com/css/style2d75a.css]
[ammaripa.com/css/stylec8fa.css]
[ammaripa.com/css/style25491.css]
[ammaripa.com/css/stylece88.css]
[ammaripa.com/css/style22b6f.css]
[ammaripa.com/css/styleeab7.css]
[ammaripa.com/css/style26132.css]
[ammaripa.com/css/style2977.css]
[ammaripa.com/css/style28b88.css]
[ammaripa.com/css/style711a.css]
[ammaripa.com/css/style2f6db.css]
[ammaripa.com/css/style6601.css]
[ammaripa.com/css/style24970.css]
[ammaripa.com/css/stylebece.css]
[ammaripa.com/css/style29b1b.css]
[ammaripa.com/css/style1a7c.css]
[ammaripa.com/css/style2d80d.css]
[ammaripa.com/css/styleca62.css]
[ammaripa.com/css/style27101.css]
[ammaripa.com/css/stylea46b.css]
[ammaripa.com/css/style289de.css]
[ammaripa.com/css/style4c8a.css]
[ammaripa.com/css/style2b94f.css]
[ammaripa.com/css/stylec21b.css]
[ammaripa.com/css/style2e2d0.css]
[ammaripa.com/css/stylef637.css]
[ammaripa.com/css/style24b7a.css]
[ammaripa.com/css/style68a9.css]
[ammaripa.com/css/style2eb0e.css]
[ammaripa.com/css/stylecd64.css]
[ammaripa.com/css/style2e734.css]
[ammaripa.com/css/style5baf.css]
[ammaripa.com/css/style2b8fe.css]
[ammaripa.com/css/style6def.css]
[ammaripa.com/css/style25080.css]
[ammaripa.com/css/style6561.css]
[ammaripa.com/css/style264b8.css]
[ammaripa.com/css/style80f5.css]
[ammaripa.com/css/style2e03d.css]
[ammaripa.com/css/style08ae.css]
[ammaripa.com/css/style210f6.css]
[ammaripa.com/css/style6a99.css]
[ammaripa.com/css/style2f1ed.css]
[ammaripa.com/css/style4e03.css]
[ammaripa.com/css/style2b536.css]
[ammaripa.com/css/style4cf9.css]
[ammaripa.com/css/style29841.css]
[ammaripa.com/repo/css/closebox@2x.png]
[ammaripa.com/repo/css/menes.min.css]
[ammaripa.com/repo/css/scroll.min.css]
[ammaripa.com/index-2.html]
[ammaripa.com/repo/icon/default/moreinfo.png]
[ammaripa.com/repo/section/1.html]
[ammaripa.com/css/style8169.css]
[ammaripa.com/css/style2e4d7.css]
[ammaripa.com/css/style36ce.css]
[ammaripa.com/css/style221f5.css]
[ammaripa.com/css/style93d3.css]
[ammaripa.com/css/style267f7.css]
[ammaripa.com/css/style50c8.css]
[ammaripa.com/css/style22489.css]
[ammaripa.com/css/style7dc9.css]
[ammaripa.com/css/style20b8f.css]
[ammaripa.com/css/style128c.css]
[ammaripa.com/css/style27707.css]
[ammaripa.com/repo/ .html]
[ammaripa.com/css/style7e8a.css]
