[backblue.gif]
[fade.gif]
[index.html]
[www.ammaripa.com/images/logo.png]
[use.fontawesome.com/releases/v5.6.3/css/all.css]
[www.ammaripa.com/js/time.js]
[www.ammaripa.com/images/revoked.png]
[www.ammaripa.com/images/6D0E3295-8659-40D8-9765-D144B8DF42B2.png]
[www.ammaripa.com/images/WhatsApp Image 2022-07-27 at 12.33.28 PM.jpg]
[www.ammaripa.com/images/ECB8362D-A143-46ED-B078-6D20F921B9AA.png]
[yllix.com/images/aff/pub_0ei6v1.png]
[www.ammaripa.com/images/Telegram.png]
[www.ammaripa.com/images/FB985A48-00DB-47BE-86E8-65478863733E.png]
[www.ammaripa.com/images/checkra1n-icon.png]
[www.ammaripa.com/images/setting.jpg]
[www.ammaripa.com/images/unc0ver.jpg]
[www.ammaripa.com/images/D34CFDF5-E05C-492D-86B7-ACE9C3C967DC.jpg]
[www.ammaripa.com/images/Taurine.jpg]
[www.ammaripa.com/images/Odyssey.png]
[www.ammaripa.com/images/chimera.jpg]
[www.ammaripa.com/images/electra.png]
[www.ammaripa.com/images/Th0r.png]
[www.ammaripa.com/images/meridian.png]
[www.ammaripa.com/images/doubleh3lix.png]
[www.ammaripa.com/images/g0blin.png]
[www.ammaripa.com/images/Yalu102.png]
[www.ammaripa.com/images/saigon.png]
[www.ammaripa.com/images/h3lix.png]
[www.ammaripa.com/images/panGu.png]
[www.ammaripa.com/images/phoenix.png]
[www.ammaripa.com/images/picsart.png]
[www.ammaripa.com/images/9E8EDCE5-88DC-4107-9463-1A311F678F54.png]
[www.ammaripa.com/images/video star.jpg]
[www.ammaripa.com/images/Cute Cut Pro.jpg]
[www.ammaripa.com/images/moonlight++.jpg]
[www.ammaripa.com/images/infilter plus.jpg]
[www.ammaripa.com/images/617154D9-8B82-46AC-A094-69686DF89446.jpg]
[www.ammaripa.com/images/YouTube++.png]
[www.ammaripa.com/images/TikTok++.png]
[www.ammaripa.com/images/instagram++.png]
[www.ammaripa.com/images/whatsapp++.png]
[www.ammaripa.com/images/Jodel.png]
[upload.wikimedia.org/wikipedia/commons/8/8b/Cydia_logo.png]
[ajax.googleapis.com/ajax/libs/jquery/1.12.4/jquery.min.js]
[www.ammaripa.com/js/bootstrap.js]
[www.ammaripa.com/js/modal.js]
[www.ammaripa.com/index.html]
[www.ammaripa.com/css/bootstrap.css]
[use.fontawesome.com/releases/v5.6.3/css/all.css]
[www.ammaripa.com/css/style6a09.css]
[www.ammaripa.com/css/style21ff0.css]
[www.ammaripa.com/index-2.html]
[www.ammaripa.com/jailbreak.html]
[www.ammaripa.com/images/DEL OTA.jpg]
[www.ammaripa.com/images/D5760382-D5F1-4FF9-927D-4509E1B5B1EE.jpg]
[www.ammaripa.com/images/برامج الجلبريك.jpg]
[www.ammaripa.com/images/snapbreak.jpg]
[www.ammaripa.com/blog.html]
[www.ammaripa.com/images/logo-so85__.png]
[www.ammaripa.com/user.html]
[www.ammaripa.com/style.js]
[www.ammaripa.com/download1434.html]
[www.ammaripa.com/download5cee.html]
[www.ammaripa.com/downloadd625.html]
[www.ammaripa.com/downloadbce2.html]
[www.ammaripa.com/download294f.html]
[www.ammaripa.com/download8bcf.html]
[www.ammaripa.com/download6fb5.html]
[www.ammaripa.com/download7d36.html]
[www.ammaripa.com/download48db.html]
[www.ammaripa.com/downloadb27c.html]
[www.ammaripa.com/downloadd5e8.html]
[www.ammaripa.com/download40ac.html]
[www.ammaripa.com/downloadf62c.html]
[www.ammaripa.com/downloadadbc.html]
[www.ammaripa.com/download4411.html]
[www.ammaripa.com/download5aaa.html]
[www.ammaripa.com/downloadcdef.html]
[www.ammaripa.com/downloadb3a3.html]
[www.ammaripa.com/downloaddc6c.html]
[www.ammaripa.com/downloadc5b2.html]
[www.ammaripa.com/download850a.html]
[www.ammaripa.com/downloadd5b4.html]
[www.ammaripa.com/download2770.html]
[www.ammaripa.com/download0717.html]
[www.ammaripa.com/download2c6d.html]
[www.ammaripa.com/download1e85.html]
[www.ammaripa.com/downloada916.html]
[www.ammaripa.com/download7df0.html]
[www.ammaripa.com/downloada9e4.html]
[www.ammaripa.com/fonts/glyphicons-halflings-regular.html]
[www.ammaripa.com/fonts/glyphicons-halflings-regulard41d.html]
[www.ammaripa.com/fonts/glyphicons-halflings-regular-2.html]
[www.ammaripa.com/fonts/glyphicons-halflings-regular-3.html]
[www.ammaripa.com/fonts/glyphicons-halflings-regular-4.html]
[www.ammaripa.com/fonts/glyphicons-halflings-regular-5.html]
[www.ammaripa.com/css/styleabbb.css]
[www.ammaripa.com/css/style28d7e.css]
[www.ammaripa.com/css/style15dd.css]
[www.ammaripa.com/css/style26c44.css]
[www.ammaripa.com/jailbreak07a0.html]
[www.ammaripa.com/jailbreak45ee.html]
[www.ammaripa.com/css/stylea107.css]
[www.ammaripa.com/css/style286c3.css]
[ammaripa.com/files/unc0ver setting.jpg]
[ammaripa.com/files/restore root1.jpg]
[ammaripa.com/files/restore root2.jpg]
[www.ammaripa.com/ShowBlog0055.html]
[www.ammaripa.com/ShowBlog2728.html]
[ammaripa.com/files/icleaner+.jpg]
[ammaripa.com/files/Preference_files.jpg]
[ammaripa.com/files/pref1.jpg]
[ammaripa.com/files/cleaner.jpg]
[ammaripa.com/files/clean.jpg]
[www.ammaripa.com/ShowBlog8803.html]
[ammaripa.com/files/snap_versions.jpg]
[www.ammaripa.com/ShowBlog7429.html]
[www.ammaripa.com/css/style9b8c.css]
[www.ammaripa.com/css/style2665d.css]
[www.ammaripa.com/css/style5f9b.css]
[www.ammaripa.com/css/style23e5d.css]
[www.ammaripa.com/Error.html]
[www.ammaripa.com/css/style5185.css]
[www.ammaripa.com/css/style26983.css]
[www.ammaripa.com/css/style5abc.css]
[www.ammaripa.com/css/style2324c.css]
[www.ammaripa.com/css/stylea46b.css]
[www.ammaripa.com/css/style2b5f9.css]
[www.ammaripa.com/css/style8b46.css]
[www.ammaripa.com/css/style2dc32.css]
[www.ammaripa.com/css/style3645.css]
[www.ammaripa.com/css/style22b17.css]
[www.ammaripa.com/css/styleb279.css]
[www.ammaripa.com/css/style21718.css]
[www.ammaripa.com/css/stylec1d2.css]
[www.ammaripa.com/css/style2f231.css]
[www.ammaripa.com/css/stylefaa2.css]
[www.ammaripa.com/css/style24141.css]
[www.ammaripa.com/css/stylebbb4.css]
[www.ammaripa.com/css/style232da.css]
[www.ammaripa.com/css/styled969.css]
[www.ammaripa.com/css/style24ea4.css]
[www.ammaripa.com/css/style3e70.css]
[www.ammaripa.com/css/style2d0bf.css]
[www.ammaripa.com/css/styled615.css]
[www.ammaripa.com/css/style2471e.css]
[www.ammaripa.com/css/style9caf.css]
[www.ammaripa.com/css/style231f6.css]
[www.ammaripa.com/css/style5b5e.css]
[www.ammaripa.com/css/style29abb.css]
[www.ammaripa.com/css/style66ee.css]
[www.ammaripa.com/css/style2de07.css]
[www.ammaripa.com/css/style28bb.css]
[www.ammaripa.com/css/style25a72.css]
[www.ammaripa.com/css/style5130.css]
[www.ammaripa.com/css/style2ab19.css]
[www.ammaripa.com/css/style2915.css]
[www.ammaripa.com/css/style25859.css]
[www.ammaripa.com/css/style8205.css]
[www.ammaripa.com/css/style29b6a.css]
[www.ammaripa.com/css/stylea7f4.css]
[www.ammaripa.com/css/style2692d.css]
[www.ammaripa.com/css/styleb67c.css]
[www.ammaripa.com/css/style22d16.css]
[www.ammaripa.com/css/style0939.css]
[www.ammaripa.com/css/style25c49.css]
[www.ammaripa.com/css/style476c.css]
[www.ammaripa.com/css/style2a69c.css]
[www.ammaripa.com/css/styleb516.css]
[www.ammaripa.com/css/style2d8e4.css]
[www.ammaripa.com/css/styleb4ea.css]
[www.ammaripa.com/css/style2f793.css]
[www.ammaripa.com/css/style0750.css]
[www.ammaripa.com/css/style25080.css]
[www.ammaripa.com/css/style26a1.css]
[www.ammaripa.com/css/style2b239.css]
[www.ammaripa.com/css/styleba3e.css]
[www.ammaripa.com/css/style2369c.css]
[www.ammaripa.com/css/stylefff8.css]
[www.ammaripa.com/css/style28bed.css]
[www.ammaripa.com/css/style8b6e.css]
[www.ammaripa.com/css/style2b211.css]
[www.ammaripa.com/css/style26e8.css]
[www.ammaripa.com/css/style2cf74.css]
[www.ammaripa.com/css/stylef0ef.css]
[www.ammaripa.com/css/style2a504.css]
[www.ammaripa.com/css/styleacd4.css]
[www.ammaripa.com/css/style27299.css]
[www.ammaripa.com/css/style351e.css]
[www.ammaripa.com/css/style29563.css]
